# compiler: R8
# compiler_version: 8.2.42
# common_typos_disable
# {"id":"com.android.tools.r8.mapping","version":"2.2"}
# pg_map_id: e938fe9
# pg_map_hash: SHA-256 e938fe92ae53b34b3ea2e71b49bed3481a72137375bd65d2aa360c77e48ce918
androidx.databinding.DataBindingComponent -> androidx.databinding.DataBindingComponent:
# {"id":"sourceFile","fileName":"DataBindingComponent.java"}
androidx.databinding.library.baseAdapters.BR -> androidx.databinding.library.baseAdapters.BR:
# {"id":"sourceFile","fileName":"BR.java"}
    1:1:void <init>():3:3 -> <init>
com.instamojo.android.BR -> com.instamojo.android.BR:
# {"id":"sourceFile","fileName":"BR.java"}
    1:1:void <init>():3:3 -> <init>
com.instamojo.android.BuildConfig -> com.instamojo.android.BuildConfig:
# {"id":"sourceFile","fileName":"BuildConfig.java"}
    1:1:void <init>():6:6 -> <init>
com.instamojo.android.DataBinderMapperImpl -> com.instamojo.android.DataBinderMapperImpl:
# {"id":"sourceFile","fileName":"DataBinderMapperImpl.java"}
    android.util.SparseIntArray INTERNAL_LAYOUT_ID_LOOKUP -> a
    1:1:void <clinit>():19:19 -> <clinit>
    1:1:void <init>():18:18 -> <init>
    1:2:java.util.List collectDependencies():67:68 -> collectDependencies
    1:1:java.lang.String convertBrIdToString(int):61:61 -> convertBrIdToString
    1:5:androidx.databinding.ViewDataBinding getDataBinder(androidx.databinding.DataBindingComponent,android.view.View,int):23:27 -> getDataBinder
    6:13:androidx.databinding.ViewDataBinding getDataBinder(androidx.databinding.DataBindingComponent,android.view.View[],int):35:42 -> getDataBinder
    1:2:int getLayoutId(java.lang.String):55:56 -> getLayoutId
com.instamojo.android.DataBinderMapperImpl$InnerBrLookup -> a.a:
# {"id":"sourceFile","fileName":"DataBinderMapperImpl.java"}
    android.util.SparseArray sKeys -> a
    1:4:void <clinit>():73:76 -> <clinit>
com.instamojo.android.DataBinderMapperImpl$InnerLayoutIdLookup -> a.b:
# {"id":"sourceFile","fileName":"DataBinderMapperImpl.java"}
    java.util.HashMap sKeys -> a
    1:1:void <clinit>():81:81 -> <clinit>
com.instamojo.android.DataBindingTriggerClass -> com.instamojo.android.DataBindingTriggerClass:
# {"id":"sourceFile","fileName":"DataBindingTriggerClass.java"}
    1:1:void <init>():4:4 -> <init>
com.instamojo.android.Instamojo -> com.instamojo.android.Instamojo:
# {"id":"sourceFile","fileName":"Instamojo.java"}
    android.content.Context mContext -> a
    com.instamojo.android.Instamojo$InstamojoPaymentCallback mCallback -> b
    com.instamojo.android.Instamojo mInstance -> c
    1:1:void <init>():31:31 -> <init>
    1:1:android.content.Context getContext():104:104 -> getContext
    1:9:com.instamojo.android.Instamojo getInstance():82:90 -> getInstance
    1:4:void initialize(android.content.Context,com.instamojo.android.Instamojo$Environment):97:100 -> initialize
    1:4:void initiatePayment(android.app.Activity,java.lang.String,com.instamojo.android.Instamojo$InstamojoPaymentCallback):114:117 -> initiatePayment
    1:25:void onReceive(android.content.Context,android.content.Intent):37:61 -> onReceive
    26:26:void onReceive(android.content.Context,android.content.Intent):52:52 -> onReceive
    27:49:void onReceive(android.content.Context,android.content.Intent):44:66 -> onReceive
com.instamojo.android.Instamojo$Environment -> com.instamojo.android.Instamojo$Environment:
# {"id":"sourceFile","fileName":"Instamojo.java"}
    com.instamojo.android.Instamojo$Environment[] $VALUES -> a
    1:1:void <clinit>():70:70 -> <clinit>
    2:2:com.instamojo.android.Instamojo$Environment[] $values():69:69 -> <clinit>
    2:2:void <clinit>():69 -> <clinit>
    3:3:void <clinit>():69:69 -> <clinit>
    1:1:void <init>(java.lang.String,int):69:69 -> <init>
    1:1:com.instamojo.android.Instamojo$Environment valueOf(java.lang.String):69:69 -> valueOf
    1:1:com.instamojo.android.Instamojo$Environment[] values():69:69 -> values
com.instamojo.android.Instamojo$InstamojoPaymentCallback -> com.instamojo.android.Instamojo$InstamojoPaymentCallback:
# {"id":"sourceFile","fileName":"Instamojo.java"}
com.instamojo.android.InstamojoApplication -> com.instamojo.android.InstamojoApplication:
# {"id":"sourceFile","fileName":"InstamojoApplication.java"}
    1:1:void <init>():5:5 -> <init>
    1:4:void onCreate():9:12 -> onCreate
com.instamojo.android.activities.BaseActivity -> com.instamojo.android.activities.BaseActivity:
# {"id":"sourceFile","fileName":"BaseActivity.java"}
    1:1:void <init>():22:22 -> <init>
    1:1:java.lang.Class getCalligraphyClass():45:45 -> attachBaseContext
    1:1:void attachBaseContext(android.content.Context):29 -> attachBaseContext
    2:10:void attachBaseContext(android.content.Context):32:40 -> attachBaseContext
    1:4:void hideKeyboard():87:90 -> hideKeyboard
    1:7:void returnResult(android.os.Bundle,int):62:68 -> returnResult
    8:8:void returnResult(int):79:79 -> returnResult
    1:7:void updateActionBar():98:104 -> updateActionBar
    1:5:void updateActionBarTitle(int):113:117 -> updateActionBarTitle
com.instamojo.android.activities.PaymentActivity -> com.instamojo.android.activities.PaymentActivity:
# {"id":"sourceFile","fileName":"PaymentActivity.java"}
    1:1:void <init>():19:19 -> <init>
    1:2:void onBackPressed():68:69 -> onBackPressed
    1:2:void onCreate(android.os.Bundle):26:27 -> onCreate
    3:5:void inflateXML():33:35 -> onCreate
    3:5:void onCreate(android.os.Bundle):28 -> onCreate
    1:4:boolean onOptionsItemSelected(android.view.MenuItem):40:43 -> onOptionsItemSelected
com.instamojo.android.activities.PaymentDetailsActivity -> com.instamojo.android.activities.PaymentDetailsActivity:
# {"id":"sourceFile","fileName":"PaymentDetailsActivity.java"}
    com.instamojo.android.models.GatewayOrder order -> a
    boolean showSearch -> b
    androidx.appcompat.widget.SearchView$OnQueryTextListener onQueryTextListener -> c
    java.lang.String hintText -> d
    int $r8$clinit -> e
      # {"id":"com.android.tools.r8.synthesized"}
    1:1:void <init>():38:38 -> <init>
    1:1:com.instamojo.android.models.GatewayOrder access$002(com.instamojo.android.activities.PaymentDetailsActivity,com.instamojo.android.models.GatewayOrder):38:38 -> a
      # {"id":"com.android.tools.r8.residualsignature","signature":"(Lcom/instamojo/android/activities/PaymentDetailsActivity;Lcom/instamojo/android/models/GatewayOrder;)V"}
    2:2:void access$300(com.instamojo.android.activities.PaymentDetailsActivity,int,android.os.Bundle,java.lang.String):38:38 -> a
      # {"id":"com.android.tools.r8.residualsignature","signature":"(Lcom/instamojo/android/activities/PaymentDetailsActivity;Ljava/lang/String;)V"}
    3:20:void fireBroadcastAndReturn(int,android.os.Bundle,java.lang.String):225:242 -> a
    1:1:com.instamojo.android.models.GatewayOrder getOrder():177:177 -> getOrder
    1:2:void hideSearchOption():216:217 -> hideSearchOption
    1:9:void loadFragment(com.instamojo.android.fragments.BaseFragment,boolean):192:200 -> loadFragment
    1:4:void onActivityResult(int,int,android.content.Intent):159:162 -> onActivityResult
    5:5:void fireBroadcastAndReturn(int,android.os.Bundle):221:221 -> onActivityResult
    5:5:void onActivityResult(int,int,android.content.Intent):162 -> onActivityResult
    1:1:void onBackPressed():149:149 -> onBackPressed
    2:2:void fireBroadcastAndReturn(int,android.os.Bundle):221:221 -> onBackPressed
    2:2:void onBackPressed():150 -> onBackPressed
    3:3:void onBackPressed():153:153 -> onBackPressed
    1:1:void onCreate(android.os.Bundle):48:48 -> onCreate
    2:5:void setStatusBarColor():66:69 -> onCreate
    2:5:void onCreate(android.os.Bundle):49 -> onCreate
    6:6:void onCreate(android.os.Bundle):50:50 -> onCreate
    7:10:void inflateXML():167:170 -> onCreate
    7:10:void onCreate(android.os.Bundle):51 -> onCreate
    11:13:void onCreate(android.os.Bundle):53:55 -> onCreate
    14:14:void fireBroadcastAndReturn(int,android.os.Bundle):221:221 -> onCreate
    14:14:void onCreate(android.os.Bundle):56 -> onCreate
    15:17:void fetchOrder(java.lang.String):73:75 -> onCreate
    15:17:void onCreate(android.os.Bundle):59 -> onCreate
    18:19:void onCreate(android.os.Bundle):61:62 -> onCreate
    1:17:boolean onCreateOptionsMenu(android.view.Menu):106:122 -> onCreateOptionsMenu
    1:2:void onDestroy():247:248 -> onDestroy
    1:4:boolean onOptionsItemSelected(android.view.MenuItem):128:131 -> onOptionsItemSelected
    1:1:void fireBroadcastAndReturn(int,android.os.Bundle):221:221 -> onUPIResponse
    1:1:void onUPIResponse(android.os.Bundle,int):264 -> onUPIResponse
    1:4:void showSearchOption(java.lang.String,androidx.appcompat.widget.SearchView$OnQueryTextListener):209:212 -> showSearchOption
    1:5:void startPaymentActivity(android.os.Bundle):140:144 -> startPaymentActivity
com.instamojo.android.activities.PaymentDetailsActivity$1 -> com.instamojo.android.activities.a:
# {"id":"sourceFile","fileName":"PaymentDetailsActivity.java"}
    com.instamojo.android.activities.PaymentDetailsActivity this$0 -> a
    1:1:void <init>(com.instamojo.android.activities.PaymentDetailsActivity):75:75 -> <init>
    1:1:void onFailure(retrofit2.Call,java.lang.Throwable):99:99 -> onFailure
    1:3:void onResponse(retrofit2.Call,retrofit2.Response):78:80 -> onResponse
    4:4:void com.instamojo.android.activities.PaymentDetailsActivity.access$100(com.instamojo.android.activities.PaymentDetailsActivity):38:38 -> onResponse
    4:4:void onResponse(retrofit2.Call,retrofit2.Response):80 -> onResponse
    5:6:void com.instamojo.android.activities.PaymentDetailsActivity.loadFragments():181:182 -> onResponse
    5:6:void com.instamojo.android.activities.PaymentDetailsActivity.access$100(com.instamojo.android.activities.PaymentDetailsActivity):38 -> onResponse
    5:6:void onResponse(retrofit2.Call,retrofit2.Response):80 -> onResponse
    7:17:void onResponse(retrofit2.Call,retrofit2.Response):83:93 -> onResponse
com.instamojo.android.adapters.BankListAdapter -> com.instamojo.android.adapters.BankListAdapter:
# {"id":"sourceFile","fileName":"BankListAdapter.java"}
    1:1:void <init>(android.content.Context,java.util.List):24:24 -> <init>
    1:1:android.view.View getView(int,android.view.View,android.view.ViewGroup):34:34 -> getView
    2:2:void com.instamojo.android.adapters.BankListAdapter$ViewHolder.<init>(com.instamojo.android.adapters.BankListAdapter$1):19:19 -> getView
    2:2:android.view.View getView(int,android.view.View,android.view.ViewGroup):34 -> getView
    3:13:android.view.View getView(int,android.view.View,android.view.ViewGroup):35:45 -> getView
com.instamojo.android.adapters.BankListAdapter$ViewHolder -> b.a:
# {"id":"sourceFile","fileName":"BankListAdapter.java"}
    android.widget.TextView itemName -> a
    1:1:void <init>():19:19 -> <init>
com.instamojo.android.adapters.WalletListAdapter -> com.instamojo.android.adapters.WalletListAdapter:
# {"id":"sourceFile","fileName":"WalletListAdapter.java"}
    1:1:void <init>(android.content.Context,java.util.List):24:24 -> <init>
    1:1:android.view.View getView(int,android.view.View,android.view.ViewGroup):34:34 -> getView
    2:2:void com.instamojo.android.adapters.WalletListAdapter$ViewHolder.<init>(com.instamojo.android.adapters.WalletListAdapter$1):19:19 -> getView
    2:2:android.view.View getView(int,android.view.View,android.view.ViewGroup):34 -> getView
    3:13:android.view.View getView(int,android.view.View,android.view.ViewGroup):35:45 -> getView
com.instamojo.android.adapters.WalletListAdapter$ViewHolder -> b.b:
# {"id":"sourceFile","fileName":"WalletListAdapter.java"}
    android.widget.TextView itemName -> a
    1:1:void <init>():19:19 -> <init>
com.instamojo.android.databinding.ActivityPaymentDetailsInstamojoBinding -> com.instamojo.android.databinding.ActivityPaymentDetailsInstamojoBinding:
# {"id":"sourceFile","fileName":"ActivityPaymentDetailsInstamojoBinding.java"}
    android.widget.RelativeLayout rootView -> a
    1:3:void <init>(android.widget.RelativeLayout,android.widget.RelativeLayout):25:27 -> <init>
    1:10:com.instamojo.android.databinding.ActivityPaymentDetailsInstamojoBinding bind(android.view.View):57:66 -> bind
    1:1:android.view.View getRoot():17:17 -> getRoot
    2:2:android.widget.RelativeLayout getRoot():33:33 -> getRoot
    1:1:com.instamojo.android.databinding.ActivityPaymentDetailsInstamojoBinding inflate(android.view.LayoutInflater):38:38 -> inflate
    2:6:com.instamojo.android.databinding.ActivityPaymentDetailsInstamojoBinding inflate(android.view.LayoutInflater,android.view.ViewGroup,boolean):44:48 -> inflate
com.instamojo.android.databinding.ActivityPaymentInstamojoBinding -> com.instamojo.android.databinding.ActivityPaymentInstamojoBinding:
# {"id":"sourceFile","fileName":"ActivityPaymentInstamojoBinding.java"}
    android.widget.RelativeLayout rootView -> a
    1:2:void <init>(android.widget.RelativeLayout):19:20 -> <init>
    1:1:com.instamojo.android.databinding.ActivityPaymentInstamojoBinding bind(android.view.View):50:50 -> bind
    2:2:com.instamojo.android.databinding.ActivityPaymentInstamojoBinding bind(android.view.View):47:47 -> bind
    1:1:android.view.View getRoot():15:15 -> getRoot
    2:2:android.widget.RelativeLayout getRoot():26:26 -> getRoot
    1:1:com.instamojo.android.databinding.ActivityPaymentInstamojoBinding inflate(android.view.LayoutInflater):31:31 -> inflate
    2:6:com.instamojo.android.databinding.ActivityPaymentInstamojoBinding inflate(android.view.LayoutInflater,android.view.ViewGroup,boolean):37:41 -> inflate
com.instamojo.android.databinding.EmiOptionViewBinding -> com.instamojo.android.databinding.EmiOptionViewBinding:
# {"id":"sourceFile","fileName":"EmiOptionViewBinding.java"}
    android.widget.LinearLayout rootView -> a
    1:4:void <init>(android.widget.LinearLayout,android.widget.TextView,android.widget.TextView):29:32 -> <init>
    1:16:com.instamojo.android.databinding.EmiOptionViewBinding bind(android.view.View):62:77 -> bind
    1:1:android.view.View getRoot():18:18 -> getRoot
    2:2:android.widget.LinearLayout getRoot():38:38 -> getRoot
    1:1:com.instamojo.android.databinding.EmiOptionViewBinding inflate(android.view.LayoutInflater):43:43 -> inflate
    2:6:com.instamojo.android.databinding.EmiOptionViewBinding inflate(android.view.LayoutInflater,android.view.ViewGroup,boolean):49:53 -> inflate
com.instamojo.android.databinding.FragmentCardFormInstamojoBinding -> com.instamojo.android.databinding.FragmentCardFormInstamojoBinding:
# {"id":"sourceFile","fileName":"FragmentCardFormInstamojoBinding.java"}
    android.widget.LinearLayout rootView -> a
    1:6:void <init>(android.widget.LinearLayout,com.rengwuxian.materialedittext.MaterialEditText,com.rengwuxian.materialedittext.MaterialEditText,android.widget.Button,com.rengwuxian.materialedittext.MaterialEditText):37:42 -> <init>
    1:29:com.instamojo.android.databinding.FragmentCardFormInstamojoBinding bind(android.view.View):72:100 -> bind
    1:1:android.view.View getRoot():19:19 -> getRoot
    2:2:android.widget.LinearLayout getRoot():48:48 -> getRoot
    1:1:com.instamojo.android.databinding.FragmentCardFormInstamojoBinding inflate(android.view.LayoutInflater):53:53 -> inflate
    2:6:com.instamojo.android.databinding.FragmentCardFormInstamojoBinding inflate(android.view.LayoutInflater,android.view.ViewGroup,boolean):59:63 -> inflate
com.instamojo.android.databinding.FragmentChoosePaymentInstamojoBinding -> com.instamojo.android.databinding.FragmentChoosePaymentInstamojoBinding:
# {"id":"sourceFile","fileName":"FragmentChoosePaymentInstamojoBinding.java"}
    android.widget.LinearLayout rootView -> a
    1:8:void <init>(android.widget.LinearLayout,android.widget.LinearLayout,android.widget.LinearLayout,android.widget.LinearLayout,android.widget.LinearLayout,android.widget.LinearLayout,android.widget.LinearLayout):42:49 -> <init>
    1:41:com.instamojo.android.databinding.FragmentChoosePaymentInstamojoBinding bind(android.view.View):79:119 -> bind
    1:1:android.view.View getRoot():17:17 -> getRoot
    2:2:android.widget.LinearLayout getRoot():55:55 -> getRoot
    1:1:com.instamojo.android.databinding.FragmentChoosePaymentInstamojoBinding inflate(android.view.LayoutInflater):60:60 -> inflate
    2:6:com.instamojo.android.databinding.FragmentChoosePaymentInstamojoBinding inflate(android.view.LayoutInflater,android.view.ViewGroup,boolean):66:70 -> inflate
com.instamojo.android.databinding.FragmentEmiInstamojoBinding -> com.instamojo.android.databinding.FragmentEmiInstamojoBinding:
# {"id":"sourceFile","fileName":"FragmentEmiInstamojoBinding.java"}
    android.widget.ScrollView rootView -> a
    1:3:void <init>(android.widget.ScrollView,android.widget.LinearLayout):26:28 -> <init>
    1:10:com.instamojo.android.databinding.FragmentEmiInstamojoBinding bind(android.view.View):58:67 -> bind
    1:1:android.view.View getRoot():18:18 -> getRoot
    2:2:android.widget.ScrollView getRoot():34:34 -> getRoot
    1:1:com.instamojo.android.databinding.FragmentEmiInstamojoBinding inflate(android.view.LayoutInflater):39:39 -> inflate
    2:6:com.instamojo.android.databinding.FragmentEmiInstamojoBinding inflate(android.view.LayoutInflater,android.view.ViewGroup,boolean):45:49 -> inflate
com.instamojo.android.databinding.FragmentListFormInstamojoBinding -> com.instamojo.android.databinding.FragmentListFormInstamojoBinding:
# {"id":"sourceFile","fileName":"FragmentListFormInstamojoBinding.java"}
    android.widget.LinearLayout rootView -> a
    1:4:void <init>(android.widget.LinearLayout,android.widget.TextView,android.widget.ListView):30:33 -> <init>
    1:17:com.instamojo.android.databinding.FragmentListFormInstamojoBinding bind(android.view.View):63:79 -> bind
    1:1:android.view.View getRoot():19:19 -> getRoot
    2:2:android.widget.LinearLayout getRoot():39:39 -> getRoot
    1:1:com.instamojo.android.databinding.FragmentListFormInstamojoBinding inflate(android.view.LayoutInflater):44:44 -> inflate
    2:6:com.instamojo.android.databinding.FragmentListFormInstamojoBinding inflate(android.view.LayoutInflater,android.view.ViewGroup,boolean):50:54 -> inflate
com.instamojo.android.databinding.FragmentUpiInstamojoBinding -> com.instamojo.android.databinding.FragmentUpiInstamojoBinding:
# {"id":"sourceFile","fileName":"FragmentUpiInstamojoBinding.java"}
    android.widget.LinearLayout rootView -> a
    1:6:void <init>(android.widget.LinearLayout,android.widget.LinearLayout,android.widget.LinearLayout,android.widget.Button,com.rengwuxian.materialedittext.MaterialEditText):37:42 -> <init>
    1:29:com.instamojo.android.databinding.FragmentUpiInstamojoBinding bind(android.view.View):72:100 -> bind
    1:1:android.view.View getRoot():19:19 -> getRoot
    2:2:android.widget.LinearLayout getRoot():48:48 -> getRoot
    1:1:com.instamojo.android.databinding.FragmentUpiInstamojoBinding inflate(android.view.LayoutInflater):53:53 -> inflate
    2:6:com.instamojo.android.databinding.FragmentUpiInstamojoBinding inflate(android.view.LayoutInflater,android.view.ViewGroup,boolean):59:63 -> inflate
com.instamojo.android.databinding.ListViewInstamojoBinding -> com.instamojo.android.databinding.ListViewInstamojoBinding:
# {"id":"sourceFile","fileName":"ListViewInstamojoBinding.java"}
    android.widget.LinearLayout rootView -> a
    1:3:void <init>(android.widget.LinearLayout,android.widget.TextView):25:27 -> <init>
    1:10:com.instamojo.android.databinding.ListViewInstamojoBinding bind(android.view.View):57:66 -> bind
    1:1:android.view.View getRoot():18:18 -> getRoot
    2:2:android.widget.LinearLayout getRoot():33:33 -> getRoot
    1:1:com.instamojo.android.databinding.ListViewInstamojoBinding inflate(android.view.LayoutInflater):38:38 -> inflate
    2:6:com.instamojo.android.databinding.ListViewInstamojoBinding inflate(android.view.LayoutInflater,android.view.ViewGroup,boolean):44:48 -> inflate
com.instamojo.android.databinding.PleaseWaitDialogInstamojoBinding -> com.instamojo.android.databinding.PleaseWaitDialogInstamojoBinding:
# {"id":"sourceFile","fileName":"PleaseWaitDialogInstamojoBinding.java"}
    android.widget.LinearLayout rootView -> a
    1:2:void <init>(android.widget.LinearLayout):19:20 -> <init>
    1:1:com.instamojo.android.databinding.PleaseWaitDialogInstamojoBinding bind(android.view.View):50:50 -> bind
    2:2:com.instamojo.android.databinding.PleaseWaitDialogInstamojoBinding bind(android.view.View):47:47 -> bind
    1:1:android.view.View getRoot():15:15 -> getRoot
    2:2:android.widget.LinearLayout getRoot():26:26 -> getRoot
    1:1:com.instamojo.android.databinding.PleaseWaitDialogInstamojoBinding inflate(android.view.LayoutInflater):31:31 -> inflate
    2:6:com.instamojo.android.databinding.PleaseWaitDialogInstamojoBinding inflate(android.view.LayoutInflater,android.view.ViewGroup,boolean):37:41 -> inflate
com.instamojo.android.databinding.ToolbarInstamojoBinding -> com.instamojo.android.databinding.ToolbarInstamojoBinding:
# {"id":"sourceFile","fileName":"ToolbarInstamojoBinding.java"}
    android.view.View rootView -> a
    1:4:void <init>(android.view.View,android.widget.ImageView,androidx.appcompat.widget.Toolbar):28:31 -> <init>
    1:16:com.instamojo.android.databinding.ToolbarInstamojoBinding bind(android.view.View):56:71 -> bind
    1:1:android.view.View getRoot():37:37 -> getRoot
    1:2:com.instamojo.android.databinding.ToolbarInstamojoBinding inflate(android.view.LayoutInflater,android.view.ViewGroup):46:47 -> inflate
    3:3:com.instamojo.android.databinding.ToolbarInstamojoBinding inflate(android.view.LayoutInflater,android.view.ViewGroup):44:44 -> inflate
com.instamojo.android.fragments.BaseFragment -> com.instamojo.android.fragments.BaseFragment:
# {"id":"sourceFile","fileName":"BaseFragment.java"}
    1:1:void <init>():9:9 -> <init>
    1:1:java.lang.String getFragmentName():24:24 -> getFragmentName
com.instamojo.android.fragments.CardFragment -> com.instamojo.android.fragments.CardFragment:
# {"id":"sourceFile","fileName":"CardFragment.java"}
    com.rengwuxian.materialedittext.MaterialEditText cardNumberBox -> a
    com.rengwuxian.materialedittext.MaterialEditText cvvBox -> b
    com.rengwuxian.materialedittext.MaterialEditText dateBox -> c
    java.util.List editTexts -> d
    com.instamojo.android.activities.PaymentDetailsActivity parentActivity -> e
    com.instamojo.android.fragments.CardFragment$Mode mode -> f
      # {"id":"com.android.tools.r8.residualsignature","signature":"Lcom/instamojo/android/fragments/h;"}
    int mSelectedTenure -> g
    java.lang.String mSelectedBankCode -> h
    int cardNumberSelection -> i
    com.instamojo.android.fragments.CardFragment$CardTextWatcher textWatcher -> j
      # {"id":"com.android.tools.r8.residualsignature","signature":"Lcom/instamojo/android/fragments/g;"}
    int $r8$clinit -> k
      # {"id":"com.android.tools.r8.synthesized"}
    1:1:void <init>():71:71 -> <init>
    1:1:com.rengwuxian.materialedittext.MaterialEditText access$000(com.instamojo.android.fragments.CardFragment):53:53 -> a
    2:2:void access$1000(com.instamojo.android.fragments.CardFragment,com.rengwuxian.materialedittext.MaterialEditText,android.text.TextWatcher,java.lang.String):53:53 -> a
    3:7:void applyText(com.rengwuxian.materialedittext.MaterialEditText,android.text.TextWatcher,java.lang.String):211:215 -> a
    3:7:void access$1000(com.instamojo.android.fragments.CardFragment,com.rengwuxian.materialedittext.MaterialEditText,android.text.TextWatcher,java.lang.String):53 -> a
    8:8:int access$902(com.instamojo.android.fragments.CardFragment,int):53:53 -> a
      # {"id":"com.android.tools.r8.residualsignature","signature":"(Lcom/instamojo/android/fragments/CardFragment;I)V"}
    1:1:com.rengwuxian.materialedittext.MaterialEditText access$200(com.instamojo.android.fragments.CardFragment):53:53 -> b
    1:1:com.rengwuxian.materialedittext.MaterialEditText access$300(com.instamojo.android.fragments.CardFragment):53:53 -> c
    1:1:void changeEditBoxesState(boolean):260:260 -> d
    1:1:void access$400(com.instamojo.android.fragments.CardFragment,boolean):53 -> d
      # {"id":"com.android.tools.r8.rewriteFrame","conditions":["throws(Ljava/lang/NullPointerException;)"],"actions":["removeInnerFrames(1)"]}
      # {"id":"com.android.tools.r8.residualsignature","signature":"(Lcom/instamojo/android/fragments/CardFragment;)V"}
    2:4:void changeEditBoxesState(boolean):260:262 -> d
    2:4:void access$400(com.instamojo.android.fragments.CardFragment,boolean):53 -> d
    1:1:com.instamojo.android.activities.PaymentDetailsActivity access$500(com.instamojo.android.fragments.CardFragment):53:53 -> e
    1:1:void clearOptionalValidators():219:219 -> f
    1:1:void access$700(com.instamojo.android.fragments.CardFragment):53 -> f
      # {"id":"com.android.tools.r8.rewriteFrame","conditions":["throws(Ljava/lang/NullPointerException;)"],"actions":["removeInnerFrames(1)"]}
    2:5:void clearOptionalValidators():219:222 -> f
    2:5:void access$700(com.instamojo.android.fragments.CardFragment):53 -> f
    1:1:void addOptionalValidators():228:228 -> g
    1:1:void access$800(com.instamojo.android.fragments.CardFragment):53 -> g
      # {"id":"com.android.tools.r8.rewriteFrame","conditions":["throws(Ljava/lang/NullPointerException;)"],"actions":["removeInnerFrames(1)"]}
    2:28:void addOptionalValidators():228:254 -> g
    2:28:void access$800(com.instamojo.android.fragments.CardFragment):53 -> g
    1:2:com.instamojo.android.fragments.CardFragment getCardForm(com.instamojo.android.fragments.CardFragment$Mode):76:77 -> getCardForm
      # {"id":"com.android.tools.r8.residualsignature","signature":"(Lcom/instamojo/android/fragments/h;)Lcom/instamojo/android/fragments/CardFragment;"}
    3:6:com.instamojo.android.fragments.CardFragment getCardForm(com.instamojo.android.fragments.CardFragment$Mode,int,java.lang.String):82:85 -> getCardForm
      # {"id":"com.android.tools.r8.residualsignature","signature":"(Lcom/instamojo/android/fragments/h;ILjava/lang/String;)Lcom/instamojo/android/fragments/CardFragment;"}
    1:2:java.util.List getCardNumberArray(java.lang.String):496:497 -> getCardNumberArray
    1:1:java.lang.String getFragmentName():99:99 -> getFragmentName
    1:1:int access$908(com.instamojo.android.fragments.CardFragment):53:53 -> h
      # {"id":"com.android.tools.r8.residualsignature","signature":"(Lcom/instamojo/android/fragments/CardFragment;)V"}
    1:67:void inflateXML(android.view.View):126:192 -> inflateXML
    1:2:void onClick(android.view.View):364:365 -> onClick
    3:3:void prepareCheckOut():266:266 -> onClick
    3:3:void onClick(android.view.View):366 -> onClick
    4:5:boolean isEditBoxesValid(java.util.List):91:92 -> onClick
    4:5:void prepareCheckOut():266 -> onClick
    4:5:void onClick(android.view.View):366 -> onClick
    6:28:void prepareCheckOut():270:292 -> onClick
    6:28:void onClick(android.view.View):366 -> onClick
    29:29:void checkOut(com.instamojo.android.models.Card):297:297 -> onClick
    29:29:void prepareCheckOut():293 -> onClick
    29:29:void onClick(android.view.View):366 -> onClick
    30:32:void changeEditBoxesState(boolean):260:262 -> onClick
    30:32:void checkOut(com.instamojo.android.models.Card):298 -> onClick
    30:32:void prepareCheckOut():293 -> onClick
    30:32:void onClick(android.view.View):366 -> onClick
    33:48:void checkOut(com.instamojo.android.models.Card):299:314 -> onClick
    33:48:void prepareCheckOut():293 -> onClick
    33:48:void onClick(android.view.View):366 -> onClick
    1:3:android.view.View onCreateView(android.view.LayoutInflater,android.view.ViewGroup,android.os.Bundle):106:108 -> onCreateView
    1:3:void onDestroyView():204:206 -> onDestroyView
    1:8:boolean onKey(android.view.View,int,android.view.KeyEvent):372:379 -> onKey
    1:8:void onResume():114:121 -> onResume
com.instamojo.android.fragments.CardFragment$1 -> com.instamojo.android.fragments.a:
# {"id":"sourceFile","fileName":"CardFragment.java"}
    int previousLength -> a
    int currentLength -> b
    com.instamojo.android.fragments.CardFragment this$0 -> c
    1:3:void <init>(com.instamojo.android.fragments.CardFragment):135:137 -> <init>
    1:17:void afterTextChanged(android.text.Editable):151:167 -> afterTextChanged
    18:18:void com.instamojo.android.fragments.CardFragment.access$100(com.instamojo.android.fragments.CardFragment,com.rengwuxian.materialedittext.MaterialEditText,android.text.TextWatcher,java.lang.String):53:53 -> afterTextChanged
    18:18:void afterTextChanged(android.text.Editable):167 -> afterTextChanged
    19:22:void com.instamojo.android.fragments.CardFragment.applyDateText(com.rengwuxian.materialedittext.MaterialEditText,android.text.TextWatcher,java.lang.String):196:199 -> afterTextChanged
    19:22:void com.instamojo.android.fragments.CardFragment.access$100(com.instamojo.android.fragments.CardFragment,com.rengwuxian.materialedittext.MaterialEditText,android.text.TextWatcher,java.lang.String):53 -> afterTextChanged
    19:22:void afterTextChanged(android.text.Editable):167 -> afterTextChanged
    23:24:void afterTextChanged(android.text.Editable):168:169 -> afterTextChanged
    1:1:void beforeTextChanged(java.lang.CharSequence,int,int,int):141:141 -> beforeTextChanged
    1:1:void onTextChanged(java.lang.CharSequence,int,int,int):146:146 -> onTextChanged
com.instamojo.android.fragments.CardFragment$2 -> com.instamojo.android.fragments.b:
# {"id":"sourceFile","fileName":"CardFragment.java"}
    com.instamojo.android.fragments.CardFragment this$0 -> a
    1:1:void <init>(com.instamojo.android.fragments.CardFragment):174:174 -> <init>
    1:4:void run():177:180 -> run
com.instamojo.android.fragments.CardFragment$3 -> com.instamojo.android.fragments.e:
# {"id":"sourceFile","fileName":"CardFragment.java"}
    androidx.appcompat.app.AlertDialog val$dialog -> a
    com.instamojo.android.models.CardOptions val$cardOptions -> b
    com.instamojo.android.fragments.CardFragment this$0 -> c
    1:1:void <init>(com.instamojo.android.fragments.CardFragment,androidx.appcompat.app.AlertDialog,com.instamojo.android.models.CardOptions):314:314 -> <init>
    1:1:void onFailure(retrofit2.Call,java.lang.Throwable):350:350 -> onFailure
    1:1:void onResponse(retrofit2.Call,retrofit2.Response):318:318 -> onResponse
com.instamojo.android.fragments.CardFragment$3$1 -> com.instamojo.android.fragments.c:
# {"id":"sourceFile","fileName":"CardFragment.java"}
    retrofit2.Response val$response -> a
    com.instamojo.android.fragments.CardFragment$3 this$1 -> b
      # {"id":"com.android.tools.r8.residualsignature","signature":"Lcom/instamojo/android/fragments/e;"}
    1:1:void <init>(com.instamojo.android.fragments.CardFragment$3,retrofit2.Response):318:318 -> <init>
      # {"id":"com.android.tools.r8.residualsignature","signature":"(Lcom/instamojo/android/fragments/e;Lretrofit2/Response;)V"}
    1:17:void run():321:337 -> run
    18:22:void run():336:340 -> run
com.instamojo.android.fragments.CardFragment$3$2 -> com.instamojo.android.fragments.d:
# {"id":"sourceFile","fileName":"CardFragment.java"}
    java.lang.Throwable val$t -> a
    com.instamojo.android.fragments.CardFragment$3 this$1 -> b
      # {"id":"com.android.tools.r8.residualsignature","signature":"Lcom/instamojo/android/fragments/e;"}
    1:1:void <init>(com.instamojo.android.fragments.CardFragment$3,java.lang.Throwable):350:350 -> <init>
      # {"id":"com.android.tools.r8.residualsignature","signature":"(Lcom/instamojo/android/fragments/e;Ljava/lang/Throwable;)V"}
    1:3:void run():353:355 -> run
com.instamojo.android.fragments.CardFragment$4 -> com.instamojo.android.fragments.f:
# {"id":"sourceFile","fileName":"CardFragment.java"}
    int[] $SwitchMap$com$instamojo$android$helpers$CardType -> a
    1:1:void <clinit>():450:450 -> <clinit>
com.instamojo.android.fragments.CardFragment$CardTextWatcher -> com.instamojo.android.fragments.g:
# {"id":"sourceFile","fileName":"CardFragment.java"}
    int drawable -> a
    int previousLength -> b
    int currentLength -> c
    com.instamojo.android.helpers.CardType cardType -> d
    com.instamojo.android.fragments.CardFragment this$0 -> e
    1:1:void <init>(com.instamojo.android.fragments.CardFragment):398:398 -> <init>
    2:4:void <init>(com.instamojo.android.fragments.CardFragment):394:396 -> <init>
    1:48:void afterTextChanged(android.text.Editable):436:483 -> afterTextChanged
    49:56:void afterTextChanged(android.text.Editable):466:473 -> afterTextChanged
    57:93:void afterTextChanged(android.text.Editable):455:491 -> afterTextChanged
    1:1:void beforeTextChanged(java.lang.CharSequence,int,int,int):403:403 -> beforeTextChanged
    1:12:void onTextChanged(java.lang.CharSequence,int,int,int):408:419 -> onTextChanged
    13:27:void onTextChanged(java.lang.CharSequence,int,int,int):417:431 -> onTextChanged
com.instamojo.android.fragments.CardFragment$Mode -> com.instamojo.android.fragments.h:
# {"id":"sourceFile","fileName":"CardFragment.java"}
    com.instamojo.android.fragments.CardFragment$Mode DebitCard -> a
      # {"id":"com.android.tools.r8.residualsignature","signature":"Lcom/instamojo/android/fragments/h;"}
    com.instamojo.android.fragments.CardFragment$Mode CreditCard -> b
      # {"id":"com.android.tools.r8.residualsignature","signature":"Lcom/instamojo/android/fragments/h;"}
    com.instamojo.android.fragments.CardFragment$Mode EMI -> c
      # {"id":"com.android.tools.r8.residualsignature","signature":"Lcom/instamojo/android/fragments/h;"}
    com.instamojo.android.fragments.CardFragment$Mode[] $VALUES -> d
      # {"id":"com.android.tools.r8.residualsignature","signature":"[Lcom/instamojo/android/fragments/h;"}
    1:3:void <clinit>():387:389 -> <clinit>
    4:4:com.instamojo.android.fragments.CardFragment$Mode[] $values():386:386 -> <clinit>
    4:4:void <clinit>():386 -> <clinit>
    5:5:void <clinit>():386:386 -> <clinit>
    1:1:void <init>(java.lang.String,int):386:386 -> <init>
    1:1:com.instamojo.android.fragments.CardFragment$Mode valueOf(java.lang.String):386:386 -> valueOf
      # {"id":"com.android.tools.r8.residualsignature","signature":"(Ljava/lang/String;)Lcom/instamojo/android/fragments/h;"}
    1:1:com.instamojo.android.fragments.CardFragment$Mode[] values():386:386 -> values
      # {"id":"com.android.tools.r8.residualsignature","signature":"()[Lcom/instamojo/android/fragments/h;"}
com.instamojo.android.fragments.EMIFragment -> com.instamojo.android.fragments.EMIFragment:
# {"id":"sourceFile","fileName":"EMIFragment.java"}
    com.instamojo.android.activities.PaymentDetailsActivity parentActivity -> a
    android.widget.LinearLayout emiBanksContainer -> b
    1:1:void <init>():22:22 -> <init>
    1:1:com.instamojo.android.activities.PaymentDetailsActivity access$000(com.instamojo.android.fragments.EMIFragment):16:16 -> a
    1:1:void inflateXML(android.view.View):39:39 -> inflateXML
    1:3:android.view.View onCreateView(android.view.LayoutInflater,android.view.ViewGroup,android.os.Bundle):30:32 -> onCreateView
    4:20:void loadBanks():49:65 -> onCreateView
    4:20:android.view.View onCreateView(android.view.LayoutInflater,android.view.ViewGroup,android.os.Bundle):33 -> onCreateView
    1:2:void onResume():44:45 -> onResume
com.instamojo.android.fragments.EMIFragment$1 -> com.instamojo.android.fragments.i:
# {"id":"sourceFile","fileName":"EMIFragment.java"}
    com.instamojo.android.models.EMIOption val$bank -> a
    com.instamojo.android.fragments.EMIFragment this$0 -> b
    1:1:void <init>(com.instamojo.android.fragments.EMIFragment,com.instamojo.android.models.EMIOption):54:54 -> <init>
    1:2:void onClick(android.view.View):57:58 -> onClick
com.instamojo.android.fragments.EMIOptionsFragment -> com.instamojo.android.fragments.EMIOptionsFragment:
# {"id":"sourceFile","fileName":"EMIOptionsFragment.java"}
    com.instamojo.android.activities.PaymentDetailsActivity parentActivity -> a
    android.widget.LinearLayout optionsContainer -> b
    com.instamojo.android.models.EMIOption selectedBank -> c
    1:1:void <init>():25:25 -> <init>
    1:1:com.instamojo.android.models.EMIOption access$000(com.instamojo.android.fragments.EMIOptionsFragment):19:19 -> a
    1:1:com.instamojo.android.activities.PaymentDetailsActivity access$100(com.instamojo.android.fragments.EMIOptionsFragment):19:19 -> b
    1:2:com.instamojo.android.fragments.EMIOptionsFragment getInstance(com.instamojo.android.models.EMIOption):29:30 -> getInstance
    1:2:void inflateXML(android.view.View):57:58 -> inflateXML
    1:3:android.view.View onCreateView(android.view.LayoutInflater,android.view.ViewGroup,android.os.Bundle):48:50 -> onCreateView
    4:10:void loadOptions():72:78 -> onCreateView
    4:10:android.view.View onCreateView(android.view.LayoutInflater,android.view.ViewGroup,android.os.Bundle):51 -> onCreateView
    11:12:double getEmiAmount(java.lang.String,java.lang.String,int):36:37 -> onCreateView
    11:12:void loadOptions():78 -> onCreateView
    11:12:android.view.View onCreateView(android.view.LayoutInflater,android.view.ViewGroup,android.os.Bundle):51 -> onCreateView
    13:14:void loadOptions():79:80 -> onCreateView
    13:14:android.view.View onCreateView(android.view.LayoutInflater,android.view.ViewGroup,android.os.Bundle):51 -> onCreateView
    15:15:double getTotalAmount(double,int):41:41 -> onCreateView
    15:15:void loadOptions():80 -> onCreateView
    15:15:android.view.View onCreateView(android.view.LayoutInflater,android.view.ViewGroup,android.os.Bundle):51 -> onCreateView
    16:27:void loadOptions():80:91 -> onCreateView
    16:27:android.view.View onCreateView(android.view.LayoutInflater,android.view.ViewGroup,android.os.Bundle):51 -> onCreateView
    1:2:void onResume():63:64 -> onResume
    1:1:void setSelectedBank(com.instamojo.android.models.EMIOption):68:68 -> setSelectedBank
com.instamojo.android.fragments.EMIOptionsFragment$1 -> com.instamojo.android.fragments.j:
# {"id":"sourceFile","fileName":"EMIOptionsFragment.java"}
    com.instamojo.android.models.EMIRate val$option -> a
    com.instamojo.android.fragments.EMIOptionsFragment this$0 -> b
    1:1:void <init>(com.instamojo.android.fragments.EMIOptionsFragment,com.instamojo.android.models.EMIRate):84:84 -> <init>
    1:2:void onClick(android.view.View):87:88 -> onClick
    3:3:void onClick(android.view.View):87:87 -> onClick
com.instamojo.android.fragments.JuspaySafeBrowser -> com.instamojo.android.fragments.JuspaySafeBrowser:
# {"id":"sourceFile","fileName":"JuspaySafeBrowser.java"}
    1:1:void <clinit>():21:21 -> <clinit>
    1:1:void <init>():26:26 -> <init>
    1:1:void onActivityCreated(android.os.Bundle):32:32 -> onActivityCreated
com.instamojo.android.fragments.NetBankingFragment -> com.instamojo.android.fragments.NetBankingFragment:
# {"id":"sourceFile","fileName":"NetBankingFragment.java"}
    com.instamojo.android.activities.PaymentDetailsActivity parentActivity -> a
    android.widget.ListView listView -> b
    android.widget.TextView headerTextView -> c
    1:1:void <init>():40:40 -> <init>
    1:1:com.instamojo.android.activities.PaymentDetailsActivity access$000(com.instamojo.android.fragments.NetBankingFragment):30:30 -> a
    2:16:void loadBanks(java.lang.String):85:99 -> a
    1:3:void inflateXML(android.view.View):75:77 -> inflateXML
    1:1:com.instamojo.android.fragments.NetBankingFragment newInstance():45:45 -> newInstance
    1:3:android.view.View onCreateView(android.view.LayoutInflater,android.view.ViewGroup,android.os.Bundle):52:54 -> onCreateView
    4:4:void loadAllBanks():81:81 -> onCreateView
    4:4:android.view.View onCreateView(android.view.LayoutInflater,android.view.ViewGroup,android.os.Bundle):55 -> onCreateView
    1:2:void onPause():69:70 -> onPause
    1:1:boolean onQueryTextChange(java.lang.String):118:118 -> onQueryTextChange
    1:1:boolean onQueryTextSubmit(java.lang.String):112:112 -> onQueryTextSubmit
    1:4:void onResume():61:64 -> onResume
com.instamojo.android.fragments.NetBankingFragment$1 -> com.instamojo.android.fragments.k:
# {"id":"sourceFile","fileName":"NetBankingFragment.java"}
    com.instamojo.android.models.NetBankingOptions val$netBankingOptions -> a
    java.util.List val$filteredBanks -> b
    com.instamojo.android.fragments.NetBankingFragment this$0 -> c
    1:1:void <init>(com.instamojo.android.fragments.NetBankingFragment,com.instamojo.android.models.NetBankingOptions,java.util.List):99:99 -> <init>
      # {"id":"com.android.tools.r8.residualsignature","signature":"(Lcom/instamojo/android/fragments/NetBankingFragment;Lcom/instamojo/android/models/NetBankingOptions;Ljava/util/ArrayList;)V"}
    1:4:void onItemClick(android.widget.AdapterView,android.view.View,int,long):102:105 -> onItemClick
com.instamojo.android.fragments.PaymentOptionsFragment -> com.instamojo.android.fragments.PaymentOptionsFragment:
# {"id":"sourceFile","fileName":"PaymentOptionsFragment.java"}
    com.instamojo.android.activities.PaymentDetailsActivity parentActivity -> a
    1:1:void <init>():24:24 -> <init>
    1:1:java.lang.String getFragmentName():121:121 -> getFragmentName
    1:42:void inflateXML(android.view.View):44:85 -> inflateXML
    1:25:void onClick(android.view.View):90:114 -> onClick
    1:3:android.view.View onCreateView(android.view.LayoutInflater,android.view.ViewGroup,android.os.Bundle):30:32 -> onCreateView
    1:2:void onResume():38:39 -> onResume
com.instamojo.android.fragments.UPIFragment -> com.instamojo.android.fragments.UPIFragment:
# {"id":"sourceFile","fileName":"UPIFragment.java"}
    1:11:void <init>():43:53 -> <init>
    1:1:com.rengwuxian.materialedittext.MaterialEditText access$000(com.instamojo.android.fragments.UPIFragment):43:43 -> access$000
    1:1:android.view.View access$100(com.instamojo.android.fragments.UPIFragment):43:43 -> access$100
    1:1:android.view.View access$200(com.instamojo.android.fragments.UPIFragment):43:43 -> access$200
    1:1:android.view.View access$300(com.instamojo.android.fragments.UPIFragment):43:43 -> access$300
    1:1:com.instamojo.android.models.UPISubmissionResponse access$402(com.instamojo.android.fragments.UPIFragment,com.instamojo.android.models.UPISubmissionResponse):43:43 -> access$402
    1:1:java.lang.String access$502(com.instamojo.android.fragments.UPIFragment,java.lang.String):43:43 -> access$502
    1:1:void access$600(com.instamojo.android.fragments.UPIFragment):43:43 -> access$600
    1:1:com.instamojo.android.activities.PaymentDetailsActivity access$700(com.instamojo.android.fragments.UPIFragment):43:43 -> access$700
    1:1:java.lang.String access$800():43:43 -> access$800
    1:1:void access$900(com.instamojo.android.fragments.UPIFragment,int):43:43 -> access$900
    1:3:void checkUpiPaymentStatus():169:171 -> checkUpiPaymentStatus
    1:1:java.lang.String getFragmentName():70:70 -> getFragmentName
    1:10:void inflateXML(android.view.View):75:84 -> inflateXML
    1:17:void onClick(android.view.View):98:114 -> onClick
    1:5:android.view.View onCreateView(android.view.LayoutInflater,android.view.ViewGroup,android.os.Bundle):60:64 -> onCreateView
    1:1:void retryUPIStatusCheck():207:207 -> retryUPIStatusCheck
    1:6:void returnResult(int):197:202 -> returnResult
com.instamojo.android.fragments.UPIFragment$1 -> com.instamojo.android.fragments.l:
# {"id":"sourceFile","fileName":"UPIFragment.java"}
    com.instamojo.android.fragments.UPIFragment this$0 -> a
    1:1:void <init>(com.instamojo.android.fragments.UPIFragment):84:84 -> <init>
    1:4:void run():87:90 -> run
com.instamojo.android.fragments.UPIFragment$2 -> com.instamojo.android.fragments.n:
# {"id":"sourceFile","fileName":"UPIFragment.java"}
    com.instamojo.android.fragments.UPIFragment this$0 -> a
    1:1:void <init>(com.instamojo.android.fragments.UPIFragment):114:114 -> <init>
    1:2:void onFailure(retrofit2.Call,java.lang.Throwable):162:163 -> onFailure
    1:40:void onResponse(retrofit2.Call,retrofit2.Response):117:156 -> onResponse
com.instamojo.android.fragments.UPIFragment$2$1 -> com.instamojo.android.fragments.m:
# {"id":"sourceFile","fileName":"UPIFragment.java"}
    retrofit2.Response val$response -> a
    com.instamojo.android.fragments.UPIFragment$2 this$1 -> b
      # {"id":"com.android.tools.r8.residualsignature","signature":"Lcom/instamojo/android/fragments/n;"}
    1:1:void <init>(com.instamojo.android.fragments.UPIFragment$2,retrofit2.Response):118:118 -> <init>
      # {"id":"com.android.tools.r8.residualsignature","signature":"(Lcom/instamojo/android/fragments/n;Lretrofit2/Response;)V"}
    1:14:void run():121:134 -> run
com.instamojo.android.fragments.UPIFragment$3 -> com.instamojo.android.fragments.o:
# {"id":"sourceFile","fileName":"UPIFragment.java"}
    com.instamojo.android.fragments.UPIFragment this$0 -> a
    1:1:void <init>(com.instamojo.android.fragments.UPIFragment):171:171 -> <init>
    1:1:void onFailure(retrofit2.Call,java.lang.Throwable):191:191 -> onFailure
    1:12:void onResponse(retrofit2.Call,retrofit2.Response):174:185 -> onResponse
com.instamojo.android.fragments.UPIFragment$4 -> com.instamojo.android.fragments.p:
# {"id":"sourceFile","fileName":"UPIFragment.java"}
    com.instamojo.android.fragments.UPIFragment this$0 -> a
    1:1:void <init>(com.instamojo.android.fragments.UPIFragment):207:207 -> <init>
    1:1:void run():210:210 -> run
com.instamojo.android.fragments.WalletFragment -> com.instamojo.android.fragments.WalletFragment:
# {"id":"sourceFile","fileName":"WalletFragment.java"}
    com.instamojo.android.activities.PaymentDetailsActivity parentActivity -> a
    android.widget.ListView mWalletListView -> b
    android.widget.TextView headerTextView -> c
    1:1:void <init>():40:40 -> <init>
    1:1:com.instamojo.android.activities.PaymentDetailsActivity access$000(com.instamojo.android.fragments.WalletFragment):30:30 -> a
    2:12:void loadWallets(java.lang.String):85:95 -> a
    1:3:void inflateXML(android.view.View):75:77 -> inflateXML
    1:1:com.instamojo.android.fragments.WalletFragment newInstance():45:45 -> newInstance
    1:3:android.view.View onCreateView(android.view.LayoutInflater,android.view.ViewGroup,android.os.Bundle):52:54 -> onCreateView
    4:4:void loadAllWallets():81:81 -> onCreateView
    4:4:android.view.View onCreateView(android.view.LayoutInflater,android.view.ViewGroup,android.os.Bundle):55 -> onCreateView
    1:2:void onPause():69:70 -> onPause
    1:1:boolean onQueryTextChange(java.lang.String):114:114 -> onQueryTextChange
    1:1:boolean onQueryTextSubmit(java.lang.String):108:108 -> onQueryTextSubmit
    1:4:void onResume():61:64 -> onResume
com.instamojo.android.fragments.WalletFragment$1 -> com.instamojo.android.fragments.q:
# {"id":"sourceFile","fileName":"WalletFragment.java"}
    com.instamojo.android.models.WalletOptions val$walletOptions -> a
    java.util.List val$filteredWallets -> b
    com.instamojo.android.fragments.WalletFragment this$0 -> c
    1:1:void <init>(com.instamojo.android.fragments.WalletFragment,com.instamojo.android.models.WalletOptions,java.util.List):95:95 -> <init>
      # {"id":"com.android.tools.r8.residualsignature","signature":"(Lcom/instamojo/android/fragments/WalletFragment;Lcom/instamojo/android/models/WalletOptions;Ljava/util/ArrayList;)V"}
    1:4:void onItemClick(android.widget.AdapterView,android.view.View,int,long):98:101 -> onItemClick
com.instamojo.android.helpers.CardType -> com.instamojo.android.helpers.CardType:
# {"id":"sourceFile","fileName":"CardType.java"}
    int cvvLength -> a
    java.lang.String displayName -> b
    int imageResource -> c
    int numberLength -> d
    java.lang.String numberPattern -> e
    com.instamojo.android.helpers.CardType[] $VALUES -> f
    1:15:void <clinit>():10:24 -> <clinit>
    16:16:com.instamojo.android.helpers.CardType[] $values():8:8 -> <clinit>
    16:16:void <clinit>():8 -> <clinit>
    17:17:void <clinit>():8:8 -> <clinit>
    1:6:void <init>(java.lang.String,int,java.lang.String,int,int,java.lang.String,int):36:41 -> <init>
    1:1:int getCvvLength():63:63 -> getCvvLength
    1:1:java.lang.String getDisplayName():45:45 -> getDisplayName
    1:1:int getImageResource():49:49 -> getImageResource
    1:1:int getNumberLength():53:53 -> getNumberLength
    1:3:boolean matches(java.lang.String):57:59 -> matches
    1:1:com.instamojo.android.helpers.CardType valueOf(java.lang.String):8:8 -> valueOf
    1:1:com.instamojo.android.helpers.CardType[] values():8:8 -> values
com.instamojo.android.helpers.CardUtil -> com.instamojo.android.helpers.CardUtil:
# {"id":"sourceFile","fileName":"CardUtil.java"}
    1:1:void <init>():12:12 -> <init>
    1:7:com.instamojo.android.helpers.CardType getCardType(java.lang.String):77:83 -> getCardType
    1:34:boolean isCardNumberValid(java.lang.String):24:57 -> isCardNumberValid
    1:6:boolean isDateInValid(java.lang.String):94:99 -> isDateInValid
    1:1:boolean isMaestroCard(java.lang.String):67:67 -> isMaestroCard
com.instamojo.android.helpers.Constants -> com.instamojo.android.helpers.Constants:
# {"id":"sourceFile","fileName":"Constants.java"}
    1:1:void <init>():5:5 -> <init>
com.instamojo.android.helpers.DateValidator -> com.instamojo.android.helpers.DateValidator:
# {"id":"sourceFile","fileName":"DateValidator.java"}
    java.util.Calendar mCalendar -> a
    com.instamojo.android.helpers.DateValidator INSTANCE -> b
    1:1:void <clinit>():25:25 -> <clinit>
    1:2:void <init>(java.util.Calendar):33:34 -> <init>
    1:4:boolean isDigitsOnly(java.lang.CharSequence):112:115 -> isDigitsOnly
    5:5:boolean isDigitsOnly(java.lang.CharSequence):113:113 -> isDigitsOnly
    1:1:boolean isValid(java.lang.String,java.lang.String):44:44 -> isValid
    1:13:boolean isValidHelper(java.lang.String,java.lang.String):48:60 -> isValidHelper
    14:14:int getCurrentTwoDigitYear():108:108 -> isValidHelper
    14:14:boolean isValidHelper(java.lang.String,java.lang.String):65 -> isValidHelper
    15:19:boolean isValidHelper(java.lang.String,java.lang.String):67:71 -> isValidHelper
    20:20:int getCurrentMonth():100:100 -> isValidHelper
    20:20:boolean isValidHelper(java.lang.String,java.lang.String):76 -> isValidHelper
com.instamojo.android.helpers.Logger -> com.instamojo.android.helpers.Logger:
# {"id":"sourceFile","fileName":"Logger.java"}
    1:1:void <init>():7:7 -> <init>
    1:1:void e(java.lang.String,java.lang.String):22:22 -> e
com.instamojo.android.helpers.MoneyUtil -> com.instamojo.android.helpers.MoneyUtil:
# {"id":"sourceFile","fileName":"MoneyUtil.java"}
    1:1:void <init>():9:9 -> <init>
    1:4:android.os.Bundle createBundleFromOrder(java.lang.String,java.lang.String,java.lang.String):37:40 -> createBundleFromOrder
    1:3:double getMonthlyEMI(double,java.math.BigDecimal,int):31:33 -> getMonthlyEMI
    1:3:double getRoundedValue(double,int):18:20 -> getRoundedValue
com.instamojo.android.helpers.ObjectMapper -> com.instamojo.android.helpers.ObjectMapper:
# {"id":"sourceFile","fileName":"ObjectMapper.java"}
    1:1:void <init>():9:9 -> <init>
    1:30:java.util.Map populateCardRequest(com.instamojo.android.models.GatewayOrder,com.instamojo.android.models.Card,java.lang.String,int):15:44 -> populateCardRequest
com.instamojo.android.helpers.Validators -> com.instamojo.android.helpers.Validators:
# {"id":"sourceFile","fileName":"Validators.java"}
    1:1:void <init>():13:13 -> <init>
com.instamojo.android.helpers.Validators$CardValidator -> com.instamojo.android.helpers.Validators$CardValidator:
# {"id":"sourceFile","fileName":"Validators.java"}
    1:1:void <init>():56:56 -> <init>
    1:2:boolean isValid(java.lang.CharSequence,boolean):61:62 -> isValid
com.instamojo.android.helpers.Validators$DateValidator -> com.instamojo.android.helpers.Validators$DateValidator:
# {"id":"sourceFile","fileName":"Validators.java"}
    1:1:void <init>():41:41 -> <init>
    1:1:boolean isValid(java.lang.CharSequence,boolean):46:46 -> isValid
com.instamojo.android.helpers.Validators$EmptyFieldValidator -> com.instamojo.android.helpers.Validators$EmptyFieldValidator:
# {"id":"sourceFile","fileName":"Validators.java"}
    1:1:void <init>(java.lang.String):22:22 -> <init>
    2:2:void <init>():26:26 -> <init>
com.instamojo.android.helpers.Validators$VPAValidator -> com.instamojo.android.helpers.Validators$VPAValidator:
# {"id":"sourceFile","fileName":"Validators.java"}
    1:1:void <init>():73:73 -> <init>
    1:6:boolean isValid(java.lang.CharSequence,boolean):82:87 -> isValid
com.instamojo.android.models.Authentication -> com.instamojo.android.models.Authentication:
# {"id":"sourceFile","fileName":"CardPaymentResponse.java"}
    1:1:void <init>():37:37 -> <init>
    1:1:java.lang.String getUrl():43:43 -> getUrl
    1:1:void setUrl(java.lang.String):47:47 -> setUrl
com.instamojo.android.models.Bank -> com.instamojo.android.models.Bank:
# {"id":"sourceFile","fileName":"Bank.java"}
    1:1:void <clinit>():27:27 -> <clinit>
    1:3:void <init>(java.lang.String,java.lang.String):17:19 -> <init>
    4:6:void <init>(android.os.Parcel):22:24 -> <init>
    1:1:int compareTo(java.lang.Object):9:9 -> compareTo
    2:2:int compareTo(com.instamojo.android.models.Bank):76:76 -> compareTo
    1:1:java.lang.String getId():40:40 -> getId
    1:1:java.lang.String getName():48:48 -> getName
    1:1:void setId(java.lang.String):44:44 -> setId
    1:1:void setName(java.lang.String):52:52 -> setName
    1:1:java.lang.String toString():68:68 -> toString
    1:2:void writeToParcel(android.os.Parcel,int):62:63 -> writeToParcel
com.instamojo.android.models.Bank$1 -> com.instamojo.android.models.Bank$1:
# {"id":"sourceFile","fileName":"Bank.java"}
    1:1:void <init>():27:27 -> <init>
    1:1:java.lang.Object createFromParcel(android.os.Parcel):27:27 -> createFromParcel
    2:2:com.instamojo.android.models.Bank createFromParcel(android.os.Parcel):30:30 -> createFromParcel
    1:1:java.lang.Object[] newArray(int):27:27 -> newArray
    2:2:com.instamojo.android.models.Bank[] newArray(int):35:35 -> newArray
com.instamojo.android.models.Card -> com.instamojo.android.models.Card:
# {"id":"sourceFile","fileName":"Card.java"}
    1:1:void <init>():25:25 -> <init>
    2:2:void <init>():20:20 -> <init>
    1:1:boolean canSaveCard():76:76 -> canSaveCard
    1:1:java.lang.String getCardHolderName():29:29 -> getCardHolderName
    1:1:java.lang.String getCardNumber():38:38 -> getCardNumber
    1:1:java.lang.String getCvv():60:60 -> getCvv
    1:1:java.lang.String getDate():47:47 -> getDate
    1:1:java.lang.String getMonth():68:68 -> getMonth
    1:1:java.lang.String getYear():72:72 -> getYear
    1:6:boolean isCVVValid():104:109 -> isCVVValid
    1:1:boolean isCardNameValid():85:85 -> isCardNameValid
    1:1:boolean isCardNumberValid():119:119 -> isCardNumberValid
    1:1:boolean isCardValid():134:134 -> isCardValid
    1:6:boolean isDateValid():92:97 -> isDateValid
    1:1:void setCardHolderName(java.lang.String):34:34 -> setCardHolderName
    1:1:void setCardNumber(java.lang.String):43:43 -> setCardNumber
    1:1:void setCvv(java.lang.String):64:64 -> setCvv
    1:1:void setDate(java.lang.String):56:56 -> setDate
com.instamojo.android.models.CardOptions -> com.instamojo.android.models.CardOptions:
# {"id":"sourceFile","fileName":"CardOptions.java"}
    1:1:void <clinit>():25:25 -> <clinit>
    1:3:void <init>(android.os.Parcel):20:22 -> <init>
    1:1:com.instamojo.android.models.SubmissionData getSubmissionData():38:38 -> getSubmissionData
    1:1:java.lang.String getSubmissionURL():46:46 -> getSubmissionURL
    1:1:void setSubmissionData(com.instamojo.android.models.SubmissionData):42:42 -> setSubmissionData
    1:1:void setSubmissionURL(java.lang.String):50:50 -> setSubmissionURL
    1:1:java.lang.String toString():55:55 -> toString
    1:2:void writeToParcel(android.os.Parcel,int):68:69 -> writeToParcel
com.instamojo.android.models.CardOptions$1 -> com.instamojo.android.models.CardOptions$1:
# {"id":"sourceFile","fileName":"CardOptions.java"}
    1:1:void <init>():25:25 -> <init>
    1:1:java.lang.Object createFromParcel(android.os.Parcel):25:25 -> createFromParcel
    2:2:com.instamojo.android.models.CardOptions createFromParcel(android.os.Parcel):28:28 -> createFromParcel
    1:1:java.lang.Object[] newArray(int):25:25 -> newArray
    2:2:com.instamojo.android.models.CardOptions[] newArray(int):33:33 -> newArray
com.instamojo.android.models.CardPaymentResponse -> com.instamojo.android.models.CardPaymentResponse:
# {"id":"sourceFile","fileName":"CardPaymentResponse.java"}
    1:1:void <init>():5:5 -> <init>
    1:1:com.instamojo.android.models.Payment getPayment():11:11 -> getPayment
    1:1:java.lang.String getUrl():19:19 -> getUrl
    1:1:void setPayment(com.instamojo.android.models.Payment):15:15 -> setPayment
com.instamojo.android.models.EMIBank -> com.instamojo.android.models.EMIBank:
# {"id":"sourceFile","fileName":"EMIBank.java"}
    1:1:void <clinit>():17:17 -> <clinit>
    1:1:void <init>(java.lang.String,java.lang.String,java.util.LinkedHashMap):32:32 -> <init>
    2:7:void <init>(java.lang.String,java.lang.String,java.util.LinkedHashMap):30:35 -> <init>
    8:8:void <init>(android.os.Parcel):38:38 -> <init>
    9:28:void <init>(android.os.Parcel):30:49 -> <init>
    1:1:java.lang.String getBankCode():62:62 -> getBankCode
    1:1:java.lang.String getBankName():54:54 -> getBankName
    1:1:java.util.HashMap getRates():70:70 -> getRates
    1:1:void setBankCode(java.lang.String):66:66 -> setBankCode
    1:1:void setBankName(java.lang.String):58:58 -> setBankName
    1:1:void setRates(java.util.LinkedHashMap):74:74 -> setRates
    1:11:void writeToParcel(android.os.Parcel,int):84:94 -> writeToParcel
com.instamojo.android.models.EMIBank$1 -> com.instamojo.android.models.EMIBank$1:
# {"id":"sourceFile","fileName":"EMIBank.java"}
    1:1:void <init>():17:17 -> <init>
    1:1:java.lang.Object createFromParcel(android.os.Parcel):17:17 -> createFromParcel
    2:2:com.instamojo.android.models.EMIBank createFromParcel(android.os.Parcel):20:20 -> createFromParcel
    1:1:java.lang.Object[] newArray(int):17:17 -> newArray
    2:2:com.instamojo.android.models.EMIBank[] newArray(int):25:25 -> newArray
com.instamojo.android.models.EMIOption -> com.instamojo.android.models.EMIOption:
# {"id":"sourceFile","fileName":"EMIOption.java"}
    1:1:void <clinit>():26:26 -> <clinit>
    1:3:void <init>(android.os.Parcel):21:23 -> <init>
    1:1:java.lang.String getBankCode():47:47 -> getBankCode
    1:1:java.lang.String getBankName():39:39 -> getBankName
    1:1:java.util.List getEmiRates():55:55 -> getEmiRates
    1:1:void setBankCode(java.lang.String):51:51 -> setBankCode
    1:1:void setBankName(java.lang.String):43:43 -> setBankName
    1:1:void setEmiRates(java.util.List):59:59 -> setEmiRates
    1:2:void writeToParcel(android.os.Parcel,int):69:70 -> writeToParcel
com.instamojo.android.models.EMIOption$1 -> com.instamojo.android.models.EMIOption$1:
# {"id":"sourceFile","fileName":"EMIOption.java"}
    1:1:void <init>():26:26 -> <init>
    1:1:java.lang.Object createFromParcel(android.os.Parcel):26:26 -> createFromParcel
    2:2:com.instamojo.android.models.EMIOption createFromParcel(android.os.Parcel):29:29 -> createFromParcel
    1:1:java.lang.Object[] newArray(int):26:26 -> newArray
    2:2:com.instamojo.android.models.EMIOption[] newArray(int):34:34 -> newArray
com.instamojo.android.models.EMIOptions -> com.instamojo.android.models.EMIOptions:
# {"id":"sourceFile","fileName":"EMIOptions.java"}
    1:1:void <clinit>():29:29 -> <clinit>
    1:3:void <init>(android.os.Parcel):24:26 -> <init>
    1:1:java.util.List getEmiOptions():42:42 -> getEmiOptions
    1:1:com.instamojo.android.models.SubmissionData getSubmissionData():58:58 -> getSubmissionData
    1:1:java.lang.String getSubmissionURL():50:50 -> getSubmissionURL
    1:1:void setEmiOptions(java.util.List):46:46 -> setEmiOptions
    1:1:void setSubmissionData(com.instamojo.android.models.SubmissionData):62:62 -> setSubmissionData
    1:1:void setSubmissionURL(java.lang.String):54:54 -> setSubmissionURL
    1:1:java.lang.String toString():78:78 -> toString
    1:2:void writeToParcel(android.os.Parcel,int):72:73 -> writeToParcel
com.instamojo.android.models.EMIOptions$1 -> com.instamojo.android.models.EMIOptions$1:
# {"id":"sourceFile","fileName":"EMIOptions.java"}
    1:1:void <init>():29:29 -> <init>
    1:1:java.lang.Object createFromParcel(android.os.Parcel):29:29 -> createFromParcel
    2:2:com.instamojo.android.models.EMIOptions createFromParcel(android.os.Parcel):32:32 -> createFromParcel
    1:1:java.lang.Object[] newArray(int):29:29 -> newArray
    2:2:com.instamojo.android.models.EMIOptions[] newArray(int):37:37 -> newArray
com.instamojo.android.models.EMIRate -> com.instamojo.android.models.EMIRate:
# {"id":"sourceFile","fileName":"EMIRate.java"}
    1:1:void <clinit>():21:21 -> <clinit>
    1:3:void <init>(android.os.Parcel):16:18 -> <init>
    1:1:java.lang.String getInterest():42:42 -> getInterest
    1:1:int getTenure():34:34 -> getTenure
    1:1:void setInterest(java.lang.String):46:46 -> setInterest
    1:1:void setTenure(int):38:38 -> setTenure
    1:2:void writeToParcel(android.os.Parcel,int):56:57 -> writeToParcel
com.instamojo.android.models.EMIRate$1 -> com.instamojo.android.models.EMIRate$1:
# {"id":"sourceFile","fileName":"EMIRate.java"}
    1:1:void <init>():21:21 -> <init>
    1:1:java.lang.Object createFromParcel(android.os.Parcel):21:21 -> createFromParcel
    2:2:com.instamojo.android.models.EMIRate createFromParcel(android.os.Parcel):24:24 -> createFromParcel
    1:1:java.lang.Object[] newArray(int):21:21 -> newArray
    2:2:com.instamojo.android.models.EMIRate[] newArray(int):29:29 -> newArray
com.instamojo.android.models.GatewayOrder -> com.instamojo.android.models.GatewayOrder:
# {"id":"sourceFile","fileName":"GatewayOrder.java"}
    1:1:void <clinit>():21:21 -> <clinit>
    1:3:void <init>(android.os.Parcel):16:18 -> <init>
    1:1:com.instamojo.android.models.Order getOrder():34:34 -> getOrder
    1:1:com.instamojo.android.models.PaymentOptions getPaymentOptions():42:42 -> getPaymentOptions
    1:1:void setOrder(com.instamojo.android.models.Order):38:38 -> setOrder
    1:1:void setPaymentOptions(com.instamojo.android.models.PaymentOptions):46:46 -> setPaymentOptions
    1:1:java.lang.String toString():51:51 -> toString
    1:2:void writeToParcel(android.os.Parcel,int):64:65 -> writeToParcel
com.instamojo.android.models.GatewayOrder$1 -> com.instamojo.android.models.GatewayOrder$1:
# {"id":"sourceFile","fileName":"GatewayOrder.java"}
    1:1:void <init>():21:21 -> <init>
    1:1:java.lang.Object createFromParcel(android.os.Parcel):21:21 -> createFromParcel
    2:2:com.instamojo.android.models.GatewayOrder createFromParcel(android.os.Parcel):24:24 -> createFromParcel
    1:1:java.lang.Object[] newArray(int):21:21 -> newArray
    2:2:com.instamojo.android.models.GatewayOrder[] newArray(int):29:29 -> newArray
com.instamojo.android.models.NetBankingOptions -> com.instamojo.android.models.NetBankingOptions:
# {"id":"sourceFile","fileName":"NetBankingOptions.java"}
    1:1:void <clinit>():31:31 -> <clinit>
    1:4:void <init>(android.os.Parcel):25:28 -> <init>
    1:1:java.util.List getBanks():44:44 -> getBanks
    1:1:java.lang.String getPostData(java.lang.String):74:74 -> getPostData
    1:1:com.instamojo.android.models.SubmissionData getSubmissionData():52:52 -> getSubmissionData
    1:1:java.lang.String getSubmissionURL():60:60 -> getSubmissionURL
    1:1:void setBanks(java.util.List):48:48 -> setBanks
    1:1:void setSubmissionData(com.instamojo.android.models.SubmissionData):56:56 -> setSubmissionData
    1:1:void setSubmissionURL(java.lang.String):64:64 -> setSubmissionURL
    1:1:java.lang.String toString():91:91 -> toString
    1:3:void writeToParcel(android.os.Parcel,int):84:86 -> writeToParcel
com.instamojo.android.models.NetBankingOptions$1 -> com.instamojo.android.models.NetBankingOptions$1:
# {"id":"sourceFile","fileName":"NetBankingOptions.java"}
    1:1:void <init>():31:31 -> <init>
    1:1:java.lang.Object createFromParcel(android.os.Parcel):31:31 -> createFromParcel
    2:2:com.instamojo.android.models.NetBankingOptions createFromParcel(android.os.Parcel):34:34 -> createFromParcel
    1:1:java.lang.Object[] newArray(int):31:31 -> newArray
    2:2:com.instamojo.android.models.NetBankingOptions[] newArray(int):39:39 -> newArray
com.instamojo.android.models.Order -> com.instamojo.android.models.Order:
# {"id":"sourceFile","fileName":"Order.java"}
    1:1:void <clinit>():60:60 -> <clinit>
    1:12:void <init>(android.os.Parcel):46:57 -> <init>
    1:1:java.lang.String getAmount():113:113 -> getAmount
    1:1:java.lang.String getBuyerEmail():97:97 -> getBuyerEmail
    1:1:java.lang.String getBuyerName():89:89 -> getBuyerName
    1:1:java.lang.String getBuyerPhone():105:105 -> getBuyerPhone
    1:1:java.lang.String getCurrency():129:129 -> getCurrency
    1:1:java.lang.String getDescription():121:121 -> getDescription
    1:1:java.lang.String getId():73:73 -> getId
    1:1:java.lang.String getRedirectUrl():137:137 -> getRedirectUrl
    1:1:java.lang.String getStatus():153:153 -> getStatus
    1:1:java.lang.String getTransactionID():81:81 -> getTransactionID
    1:1:java.lang.String getWebhookUrl():145:145 -> getWebhookUrl
    1:1:void setAmount(java.lang.String):117:117 -> setAmount
    1:1:void setBuyerEmail(java.lang.String):101:101 -> setBuyerEmail
    1:1:void setBuyerName(java.lang.String):93:93 -> setBuyerName
    1:1:void setBuyerPhone(java.lang.String):109:109 -> setBuyerPhone
    1:1:void setCurrency(java.lang.String):133:133 -> setCurrency
    1:1:void setDescription(java.lang.String):125:125 -> setDescription
    1:1:void setId(java.lang.String):77:77 -> setId
    1:1:void setRedirectUrl(java.lang.String):141:141 -> setRedirectUrl
    1:1:void setStatus(java.lang.String):157:157 -> setStatus
    1:1:void setTransactionID(java.lang.String):85:85 -> setTransactionID
    1:1:void setWebhookUrl(java.lang.String):149:149 -> setWebhookUrl
    1:1:java.lang.String toString():182:182 -> toString
    1:11:void writeToParcel(android.os.Parcel,int):167:177 -> writeToParcel
com.instamojo.android.models.Order$1 -> com.instamojo.android.models.Order$1:
# {"id":"sourceFile","fileName":"Order.java"}
    1:1:void <init>():60:60 -> <init>
    1:1:java.lang.Object createFromParcel(android.os.Parcel):60:60 -> createFromParcel
    2:2:com.instamojo.android.models.Order createFromParcel(android.os.Parcel):63:63 -> createFromParcel
    1:1:java.lang.Object[] newArray(int):60:60 -> newArray
    2:2:com.instamojo.android.models.Order[] newArray(int):68:68 -> newArray
com.instamojo.android.models.Payment -> com.instamojo.android.models.Payment:
# {"id":"sourceFile","fileName":"CardPaymentResponse.java"}
    1:1:void <init>():23:23 -> <init>
    1:1:com.instamojo.android.models.Authentication getAuthentication():29:29 -> getAuthentication
    1:1:void setAuthentication(com.instamojo.android.models.Authentication):33:33 -> setAuthentication
com.instamojo.android.models.PaymentOptions -> com.instamojo.android.models.PaymentOptions:
# {"id":"sourceFile","fileName":"PaymentOptions.java"}
    1:1:void <clinit>():33:33 -> <clinit>
    1:6:void <init>(android.os.Parcel):25:30 -> <init>
    1:1:com.instamojo.android.models.CardOptions getCardOptions():46:46 -> getCardOptions
    1:1:com.instamojo.android.models.EMIOptions getEmiOptions():62:62 -> getEmiOptions
    1:1:com.instamojo.android.models.NetBankingOptions getNetBankingOptions():54:54 -> getNetBankingOptions
    1:1:com.instamojo.android.models.UPIOptions getUpiOptions():78:78 -> getUpiOptions
    1:1:com.instamojo.android.models.WalletOptions getWalletOptions():70:70 -> getWalletOptions
    1:1:void setCardOptions(com.instamojo.android.models.CardOptions):50:50 -> setCardOptions
    1:1:void setEmiOptions(com.instamojo.android.models.EMIOptions):66:66 -> setEmiOptions
    1:1:void setNetBankingOptions(com.instamojo.android.models.NetBankingOptions):58:58 -> setNetBankingOptions
    1:1:void setUpiOptions(com.instamojo.android.models.UPIOptions):82:82 -> setUpiOptions
    1:1:void setWalletOptions(com.instamojo.android.models.WalletOptions):74:74 -> setWalletOptions
    1:1:java.lang.String toString():101:101 -> toString
    1:5:void writeToParcel(android.os.Parcel,int):92:96 -> writeToParcel
com.instamojo.android.models.PaymentOptions$1 -> com.instamojo.android.models.PaymentOptions$1:
# {"id":"sourceFile","fileName":"PaymentOptions.java"}
    1:1:void <init>():33:33 -> <init>
    1:1:java.lang.Object createFromParcel(android.os.Parcel):33:33 -> createFromParcel
    2:2:com.instamojo.android.models.PaymentOptions createFromParcel(android.os.Parcel):36:36 -> createFromParcel
    1:1:java.lang.Object[] newArray(int):33:33 -> newArray
    2:2:com.instamojo.android.models.PaymentOptions[] newArray(int):41:41 -> newArray
com.instamojo.android.models.SubmissionData -> com.instamojo.android.models.SubmissionData:
# {"id":"sourceFile","fileName":"SubmissionData.java"}
    1:1:void <clinit>():21:21 -> <clinit>
    1:3:void <init>(android.os.Parcel):16:18 -> <init>
    1:1:java.lang.String getMerchantID():34:34 -> getMerchantID
    1:1:java.lang.String getOrderID():42:42 -> getOrderID
    1:1:void setMerchantID(java.lang.String):38:38 -> setMerchantID
    1:1:void setOrderID(java.lang.String):46:46 -> setOrderID
    1:2:void writeToParcel(android.os.Parcel,int):56:57 -> writeToParcel
com.instamojo.android.models.SubmissionData$1 -> com.instamojo.android.models.SubmissionData$1:
# {"id":"sourceFile","fileName":"SubmissionData.java"}
    1:1:void <init>():21:21 -> <init>
    1:1:java.lang.Object createFromParcel(android.os.Parcel):21:21 -> createFromParcel
    2:2:com.instamojo.android.models.SubmissionData createFromParcel(android.os.Parcel):24:24 -> createFromParcel
    1:1:java.lang.Object[] newArray(int):21:21 -> newArray
    2:2:com.instamojo.android.models.SubmissionData[] newArray(int):29:29 -> newArray
com.instamojo.android.models.UPIOptions -> com.instamojo.android.models.UPIOptions:
# {"id":"sourceFile","fileName":"UPIOptions.java"}
    1:1:void <clinit>():21:21 -> <clinit>
    1:2:void <init>(android.os.Parcel):17:18 -> <init>
    1:1:java.lang.String getSubmissionURL():34:34 -> getSubmissionURL
    1:1:void setSubmissionURL(java.lang.String):38:38 -> setSubmissionURL
    1:1:java.lang.String toString():53:53 -> toString
    1:1:void writeToParcel(android.os.Parcel,int):48:48 -> writeToParcel
com.instamojo.android.models.UPIOptions$1 -> com.instamojo.android.models.UPIOptions$1:
# {"id":"sourceFile","fileName":"UPIOptions.java"}
    1:1:void <init>():21:21 -> <init>
    1:1:java.lang.Object createFromParcel(android.os.Parcel):21:21 -> createFromParcel
    2:2:com.instamojo.android.models.UPIOptions createFromParcel(android.os.Parcel):24:24 -> createFromParcel
    1:1:java.lang.Object[] newArray(int):21:21 -> newArray
    2:2:com.instamojo.android.models.UPIOptions[] newArray(int):29:29 -> newArray
com.instamojo.android.models.UPIStatusResponse -> com.instamojo.android.models.UPIStatusResponse:
# {"id":"sourceFile","fileName":"UPIStatusResponse.java"}
    1:1:void <init>():5:5 -> <init>
    1:1:int getStatusCode():14:14 -> getStatusCode
    1:1:java.lang.String getStatusMessage():22:22 -> getStatusMessage
    1:1:void setStatusCode(int):18:18 -> setStatusCode
    1:1:void setStatusMessage(java.lang.String):26:26 -> setStatusMessage
com.instamojo.android.models.UPISubmissionResponse -> com.instamojo.android.models.UPISubmissionResponse:
# {"id":"sourceFile","fileName":"UPISubmissionResponse.java"}
    1:1:void <init>():9:9 -> <init>
    1:1:java.lang.String getPayeeVirtualAddress():57:57 -> getPayeeVirtualAddress
    1:1:java.lang.String getPayerVirtualAddress():49:49 -> getPayerVirtualAddress
    1:1:java.lang.String getPaymentID():33:33 -> getPaymentID
    1:1:java.lang.String getStatusCheckURL():65:65 -> getStatusCheckURL
    1:1:int getStatusCode():41:41 -> getStatusCode
    1:1:java.lang.String getStatusMessage():81:81 -> getStatusMessage
    1:1:java.lang.String getUpiBank():73:73 -> getUpiBank
    1:1:void setPayeeVirtualAddress(java.lang.String):61:61 -> setPayeeVirtualAddress
    1:1:void setPayerVirtualAddress(java.lang.String):53:53 -> setPayerVirtualAddress
    1:1:void setPaymentID(java.lang.String):37:37 -> setPaymentID
    1:1:void setStatusCheckURL(java.lang.String):69:69 -> setStatusCheckURL
    1:1:void setStatusCode(int):45:45 -> setStatusCode
    1:1:void setStatusMessage(java.lang.String):85:85 -> setStatusMessage
    1:1:void setUpiBank(java.lang.String):77:77 -> setUpiBank
com.instamojo.android.models.Wallet -> com.instamojo.android.models.Wallet:
# {"id":"sourceFile","fileName":"Wallet.java"}
    1:1:void <clinit>():26:26 -> <clinit>
    1:4:void <init>(android.os.Parcel):20:23 -> <init>
    1:1:java.lang.String getId():39:39 -> getId
    1:1:java.lang.String getImageURL():55:55 -> getImageURL
    1:1:java.lang.String getName():47:47 -> getName
    1:1:void setId(java.lang.String):43:43 -> setId
    1:1:void setImageURL(java.lang.String):59:59 -> setImageURL
    1:1:void setName(java.lang.String):51:51 -> setName
    1:1:java.lang.String toString():76:76 -> toString
    1:3:void writeToParcel(android.os.Parcel,int):69:71 -> writeToParcel
com.instamojo.android.models.Wallet$1 -> com.instamojo.android.models.Wallet$1:
# {"id":"sourceFile","fileName":"Wallet.java"}
    1:1:void <init>():26:26 -> <init>
    1:1:java.lang.Object createFromParcel(android.os.Parcel):26:26 -> createFromParcel
    2:2:com.instamojo.android.models.Wallet createFromParcel(android.os.Parcel):29:29 -> createFromParcel
    1:1:java.lang.Object[] newArray(int):26:26 -> newArray
    2:2:com.instamojo.android.models.Wallet[] newArray(int):34:34 -> newArray
com.instamojo.android.models.WalletOptions -> com.instamojo.android.models.WalletOptions:
# {"id":"sourceFile","fileName":"WalletOptions.java"}
    1:1:void <clinit>():24:24 -> <clinit>
    1:3:void <init>(android.os.Parcel):19:21 -> <init>
    1:1:java.lang.String getPostData(java.lang.String):70:70 -> getPostData
    1:1:java.lang.String getSubmissionURL():37:37 -> getSubmissionURL
    1:1:java.util.List getWallets():45:45 -> getWallets
    1:1:void setSubmissionURL(java.lang.String):41:41 -> setSubmissionURL
    1:1:void setWallets(java.util.List):49:49 -> setWallets
    1:1:java.lang.String toString():75:75 -> toString
    1:2:void writeToParcel(android.os.Parcel,int):59:60 -> writeToParcel
com.instamojo.android.models.WalletOptions$1 -> com.instamojo.android.models.WalletOptions$1:
# {"id":"sourceFile","fileName":"WalletOptions.java"}
    1:1:void <init>():24:24 -> <init>
    1:1:java.lang.Object createFromParcel(android.os.Parcel):24:24 -> createFromParcel
    2:2:com.instamojo.android.models.WalletOptions createFromParcel(android.os.Parcel):27:27 -> createFromParcel
    1:1:java.lang.Object[] newArray(int):24:24 -> newArray
    2:2:com.instamojo.android.models.WalletOptions[] newArray(int):32:32 -> newArray
com.instamojo.android.network.ImojoService -> com.instamojo.android.network.ImojoService:
# {"id":"sourceFile","fileName":"ImojoService.java"}
com.instamojo.android.network.JavaScriptInterface -> com.instamojo.android.network.JavaScriptInterface:
# {"id":"sourceFile","fileName":"JavaScriptInterface.java"}
    android.app.Activity activity -> a
    1:2:void <init>(android.app.Activity):24:25 -> <init>
    1:8:void onTransactionComplete(java.lang.String,java.lang.String,java.lang.String,java.lang.String):30:37 -> onTransactionComplete
com.instamojo.android.network.ServiceGenerator -> com.instamojo.android.network.ServiceGenerator:
# {"id":"sourceFile","fileName":"ServiceGenerator.java"}
    retrofit2.Retrofit$Builder builder -> a
    retrofit2.Retrofit retrofit -> b
    int $r8$clinit -> c
      # {"id":"com.android.tools.r8.synthesized"}
    1:1:void <clinit>():25:25 -> <clinit>
    2:2:void com.instamojo.android.network.ServiceGenerator$DefaultHeadersInterceptor.<init>(com.instamojo.android.network.ServiceGenerator$1):49:49 -> <clinit>
    2:2:void <clinit>():25 -> <clinit>
    3:13:void <clinit>():26:36 -> <clinit>
    1:1:void <init>():19:19 -> <init>
    1:1:com.instamojo.android.network.ImojoService getImojoService():46:46 -> getImojoService
    1:3:void initialize(com.instamojo.android.Instamojo$Environment):40:42 -> initialize
com.instamojo.android.network.ServiceGenerator$DefaultHeadersInterceptor -> c.a:
# {"id":"sourceFile","fileName":"ServiceGenerator.java"}
    java.lang.String userAgent -> a
    java.lang.String referer -> b
    1:1:void <init>():49:49 -> <init>
    1:2:okhttp3.Response intercept(okhttp3.Interceptor$Chain):55:56 -> intercept
    3:9:java.lang.String com.instamojo.android.network.ServiceGenerator$DefaultHeadersInterceptor.getUserAgent():63:69 -> intercept
    3:9:okhttp3.Response intercept(okhttp3.Interceptor$Chain):57 -> intercept
    10:10:okhttp3.Response intercept(okhttp3.Interceptor$Chain):57:57 -> intercept
    11:29:java.lang.String com.instamojo.android.network.ServiceGenerator$DefaultHeadersInterceptor.getReferer():73:91 -> intercept
    11:29:okhttp3.Response intercept(okhttp3.Interceptor$Chain):58 -> intercept
    30:31:okhttp3.Response intercept(okhttp3.Interceptor$Chain):58:59 -> intercept
    32:32:okhttp3.Response intercept(okhttp3.Interceptor$Chain):55:55 -> intercept
